// Jest Snapshot v1, https://goo.gl/fbAQLP

exports[`PrimaryColorPicker matches snapshot 1`] = `ReactWrapper {}`;
